one: 1
two: a
three: hello
all together: (1, a, hello again)
