error: use of undeclared identifier argv at line 1
syntax error, line: 1
c-- returned nonzero exit code