0 10 22 305419896 43981
26796
41506
38163215
-4369
-8738
