Unterminated comment, line 53
error: variable array redeclared at line 4 (previous declaration at line 3)
error: variable func8 redeclared at line 18 (previous declaration at line 17)
error: variable func9 redeclared at line 20 (previous declaration at line 19)
error: function func2 redeclared at line 24 (previous declaration at line 9)
error: function func3 redeclared at line 24 (previous declaration at line 10)
error: function func4 redeclared at line 24 (previous declaration at line 11)
error: function func5 redeclared at line 24 (previous declaration at line 12)
error: function func6 redeclared at line 24 (previous declaration at line 13)
error: variable func7 redeclared at line 26 (previous declaration at line 15)
syntax error, line: 30
syntax error, line: 32
syntax error, line: 34
