syntax error, line: 5
syntax error, line: 9
syntax error, line: 13
syntax error, line: 16
syntax error, line: 20
c-- returned a nonzero exit code
