error: void type is only valid for parameter declarations, line 3
error: variable wrong redeclared at line 7 (previous declaration at line 7)
error: void type is only valid for parameter declarations, line 9
error: void type is only valid for parameter declarations, line 11
error: void type is only valid for parameter declarations, line 13
error: void type is only valid for parameter declarations, line 13
error: void type is only valid for parameter declarations, line 13
error: void type is only valid for parameter declarations, line 20
error: variable wrong redeclared at line 21 (previous declaration at line 21)
error: void type is only valid for parameter declarations, line 23
error: non-void funcion main must return a value
c-- returned nonzero exit code