error: function dont_define_me is defined at line 5 but is declared extern at line 2
