error: symbol symbol redeclared as a function at line 3 (previous declaration at line 1)
# c-- exited with code: 2
