x: 122, i: 11
x: 121, i: 10
x: 120, i: 9
x: 119, i: 8
x: 118, i: 7
x: 117, i: 6
x: 116, i: 5
x: 115, i: 4
x: 114, i: 3
x: 113, i: 2
x: 112, i: 1
x: 111, i: 0
x: 113
x: 115
x: 117
x: 119
x: 121
x: 123
123
