16 10 22 16 0 0 305419896 12345678
26796
a222
246530f
-4369
ffffddde
