1 2 4 8 16
8 4 2 1 0
0 1 0 1 0
1 1 3 3 5
0 1 3 1 7
-1 -2 -3 -4 -5
