rotr: 0, 0, 0, 0
rotr: 1, -2147483648, 16384, 128
rotr: -1, -1, -1, -1
rotr: 305419896, 152709948, 362677389, 439041033
rotr: -1698898192, 1298034552, 935077551, 1584363597
rotl: 0, 0, 0, 0
rotl: 1, 2, 512, 65536
rotl: -1, -1, -1, -1
rotl: 305419896, 610839792, 1756164132, 1450709556
rotl: -1698898192, 897170913, 2042487093, -554657092
ch:   -1698898192
maj:  -1698898192
ep0:  0, 1074267136, -1, 1712612468, 575676464
ep1:  0, 69206144, -1, 895593434, 1108794541
sig0: 0, 33570816, 536870911, -402856210, -975256372
sig1: 0, 40960, 4194303, -1577613751, -192876226
hashstr: 6161616161616161616161616161616161616161616161616161616161616161
hashstr: 4240fc98c9952e2fc2e0e763c35e39915c3dc4404ae10735edd3e617f74112a2
