syntax error, line: 2
syntax error, line: 6
syntax error, line: 12
syntax error, line: 13
syntax error, line: 16
syntax error, line: 19
syntax error, line: 21
syntax error, line: 25
syntax error, line: 28
c-- returned nonzero exit code