syntax error, line: 3
syntax error, line: 17
syntax error, line: 19
error: function func2 redeclared at line 24 (previous declaration at line 9)
error: function func3 redeclared at line 24 (previous declaration at line 10)
error: function func4 redeclared at line 24 (previous declaration at line 11)
error: function func5 redeclared at line 24 (previous declaration at line 12)
error: function func6 redeclared at line 24 (previous declaration at line 13)
error: variable func7 redeclared at line 26 (previous declaration at line 15)
syntax error, line: 28
syntax error, line: 39
syntax error, line: 41
syntax error, line: 67
c-- returned nonzero exit code