error: invalid operand types for assignment, line 10
syntax error, line: 17
error: invalid operand types for assignment, line 18
syntax error, line: 20
error: invalid operand types for assignment, line 21
error: invalid operand types for assignment, line 22
error: invalid operand types for assignment, line 24
error: invalid operand types for assignment, line 25
error: invalid operand types for assignment, line 27
syntax error, line: 28
error: expression for array index is not of integer type, line 29
