error: expected 3 arguments for function char_at, 2 were provided. line 22
error: expected 1 arguments for function x_at, 2 were provided. line 26
error: expected 1 arguments for function y_at, 2 were provided. line 27
error: expected 3 arguments for function char_at, 2 were provided. line 28
error: line 28 - function sum called as part of an expression but does not return a value
error: expected 3 arguments for function char_at, 2 were provided. line 29
error: line 35 - function sum called as part of an expression but does not return a value
error: expected 3 arguments for function char_at, 2 were provided. line 36
c-- returned a nonzero exit code
