error: use of undeclared identifier x at line 1
syntax error, line: 1
