syntax error, line: 8
syntax error, line: 10
syntax error, line: 11
syntax error, line: 13
syntax error, line: 15
syntax error, line: 17
syntax error, line: 18
syntax error, line: 20
syntax error, line: 22
syntax error, line: 23
error: invalid operand types for assignment, line 25
syntax error, line: 25
# c-- exited with code: 4
