error: invalid operand types for assignment, line 10
error: invalid operand types for assignment, line 17
error: invalid operand types for assignment, line 18
error: invalid operand types for assignment, line 20
error: invalid operand types for assignment, line 21
error: invalid operand types for assignment, line 22
error: invalid operand types for assignment, line 24
error: invalid operand types for assignment, line 25
error: invalid operand types for assignment, line 27
error: expression for array index is not of integer type, line 28
error: expression for array index is not of integer type, line 29
# c-- exited with code: 4
