111111
222222
333333
444444
555555
666666

111111, 222222, 333333, 444444, 555555, 666666
