1111
2222
3333
4444
5555
6666

1111, 2222, 3333, 4444, 5555, 6666
