this should print
this should also print
finally, this should print
