one: 66
two: a
three: hello
all together: (66, a, hello again)
cBc%%6666%%Bccc97ssa97d
